[www.hminterio.in/index.html]
[backblue.gif]
[fade.gif]
[index.html]
[www.hminterio.in/img2/WhatsApp_Image_2025-04-08_at_12.28.34-removebg-preview.png]
[cdnjs.cloudflare.com/ajax/libs/font-awesome/5.10.0/css/all.min.css]
[cdn.jsdelivr.net/npm/bootstrap-icons@1.4.1/font/bootstrap-icons.css]
[www.hminterio.in/lib/animate/animate.min.css]
[www.hminterio.in/lib/owlcarousel/assets/owl.carousel.min.css]
[www.hminterio.in/lib/tempusdominus/css/tempusdominus-bootstrap-4.min.css]
[www.hminterio.in/css/bootstrap.min.css]
[www.hminterio.in/css/style.css]
[collectcdn.com/launcher.js]
[www.hminterio.in/img2/copy2.png]
[www.hminterio.in/index-2.html]
[www.hminterio.in/img2/logofinal12-removebg-preview.png]
[www.hminterio.in/about.html]
[www.hminterio.in/service.html]
[www.hminterio.in/feature.html]
[www.hminterio.in/project.html]
[www.hminterio.in/appointment.html]
[www.hminterio.in/testimonial.html]
[www.hminterio.in/contact.html]
[www.hminterio.in/team.html]
[www.hminterio.in/img/carousel-1.jpg]
[www.hminterio.in/img/icons/icon-2.png]
[www.hminterio.in/img/icons/icon-3.png]
[www.hminterio.in/img/icons/icon-4.png]
[cdnjs.cloudflare.com/ajax/libs/font-awesome/6.5.0/css/all.min.css]
[www.hminterio.in/img2/alexandra-gornago-LrrADFcX80w-unsplash.jpg]
[www.hminterio.in/img2/jason-briscoe-UV81E0oXXWQ-unsplash.jpg]
[www.hminterio.in/HMinterio_Brochure.pdf]
[www.hminterio.in/img2/HMinteriohyd.pdf]
[www.hminterio.in/img/service-1.jpg]
[www.hminterio.in/img/icons/icon-5.png]
[www.hminterio.in/img/service-2.jpg]
[www.hminterio.in/img/icons/icon-6.png]
[www.hminterio.in/img/service-3.jpg]
[www.hminterio.in/img/icons/icon-7.png]
[www.hminterio.in/img/service-4.jpg]
[www.hminterio.in/img/icons/icon-8.png]
[www.hminterio.in/img/service-5.jpg]
[www.hminterio.in/img/icons/icon-9.png]
[www.hminterio.in/img/service-6.jpg]
[www.hminterio.in/img/icons/icon-10.png]
[www.hminterio.in/img2/spacejoy-RUvW1KGD9a4-unsplash.jpg]
[www.hminterio.in/img2/hd.jpg]
[www.hminterio.in/img2/interiordesign.jpg]
[www.hminterio.in/img2/electrical.webp]
[www.hminterio.in/img2/falsealing.jpg]
[www.hminterio.in/img2/painting.jpg]
[www.hminterio.in/img2/blinds.jpg]
[www.hminterio.in/img2/living-room-with-bookshelf.jpg]
[www.hminterio.in/img2/luxury.jpg]
[www.hminterio.in/img2/hm-interior2.jpg]
[www.hminterio.in/img2/hm-interior1.jpg]
[www.hminterio.in/img2/hm-interior3.jpg]
[www.hminterio.in/img2/hm-interior4.jpg]
[www.hminterio.in/img2/hm-interior5.png]
[www.hminterio.in/img2/halltv.jpg]
[www.hminterio.in/img2/collov-home-design--aDGbdTsBZg-unsplash.jpg]
[www.hminterio.in/img2/naomi-hebert-MP0bgaS_d1c-unsplash.jpg]
[www.hminterio.in/img2/kitchen1.jpg]
[www.hminterio.in/img2/kitchen2.jpg]
[www.hminterio.in/img2/hm-mk1.jpg]
[www.hminterio.in/img2/hm-mk2.jpg]
[www.hminterio.in/img2/hm-mk3.webp]
[www.hminterio.in/img2/hm-mk4.jpg]
[www.hminterio.in/img2/besttv1.jpg]
[www.hminterio.in/img2/besttv2.jpg]
[www.hminterio.in/img2/tv1.jpg]
[www.hminterio.in/img2/tv2.jpg]
[www.hminterio.in/img2/tv3.jpg]
[www.hminterio.in/img2/tv4.jpg]
[www.hminterio.in/img2/tv5.jpg]
[www.hminterio.in/img2/pooja.jpg]
[www.hminterio.in/img2/hm-p1.jpg]
[www.hminterio.in/img2/hm-p2.jpg]
[www.hminterio.in/img2/hm-p3.jpg]
[www.hminterio.in/img2/hm-p4.jpg]
[www.hminterio.in/img2/war1.jpg]
[www.hminterio.in/img2/war2.jpg]
[www.hminterio.in/img2/attract.jpg]
[www.hminterio.in/img2/hm-w1.jpg]
[www.hminterio.in/img2/hm-w2.jpg]
[www.hminterio.in/img2/hm-w3.jpg]
[www.hminterio.in/img2/hm-fs2.jpg]
[www.hminterio.in/img2/fal.jpg]
[www.hminterio.in/img2/hm-fs1.jpg]
[www.hminterio.in/img2/seating.jpg]
[cdn.jsdelivr.net/npm/bootstrap@5.3.0/dist/js/bootstrap.bundle.min.js]
[code.jquery.com/jquery-3.4.1.min.js]
[cdn.jsdelivr.net/npm/bootstrap@5.0.0/dist/js/bootstrap.bundle.min.js]
[www.hminterio.in/lib/wow/wow.min.js]
[www.hminterio.in/lib/easing/easing.min.js]
[www.hminterio.in/lib/waypoints/waypoints.min.js]
[www.hminterio.in/lib/counterup/counterup.min.js]
[www.hminterio.in/lib/owlcarousel/owl.carousel.min.js]
[www.hminterio.in/lib/tempusdominus/js/moment.min.js]
[www.hminterio.in/lib/tempusdominus/js/moment-timezone.min.js]
[www.hminterio.in/lib/tempusdominus/js/tempusdominus-bootstrap-4.min.js]
[www.hminterio.in/js/main.js]
[www.hminterio.in/index.html]
[cdnjs.cloudflare.com/ajax/libs/font-awesome/5.10.0/css/all.min.css]
[cdn.jsdelivr.net/npm/bootstrap-icons@1.4.1/font/fonts/bootstrap-iconsfb95.woff2]
[cdn.jsdelivr.net/npm/bootstrap-icons@1.4.1/font/fonts/bootstrap-iconsfb95.woff]
[cdn.jsdelivr.net/npm/bootstrap-icons@1.4.1/font/bootstrap-icons.css]
[www.hminterio.in/lib/animate/animate.min.css]
[www.hminterio.in/lib/owlcarousel/assets/owl.video.play.png]
[www.hminterio.in/lib/owlcarousel/assets/owl.carousel.min.css]
[www.hminterio.in/lib/tempusdominus/css/tempusdominus-bootstrap-4.min.css]
[www.hminterio.in/css/bootstrap.min.css]
[www.hminterio.in/css/style.css]
[www.hminterio.in/index-2.html]
[www.hminterio.in/about.html]
[www.hminterio.in/service.html]
[www.hminterio.in/feature.html]
[www.hminterio.in/project.html]
[www.hminterio.in/appointment.html]
[www.hminterio.in/testimonial.html]
[www.hminterio.in/contact.html]
[www.hminterio.in/team.html]
[cdnjs.cloudflare.com/ajax/libs/font-awesome/6.5.0/css/all.min.css]
[www.hminterio.in/HMinterio_Brochure.html]
[cdnjs.cloudflare.com/ajax/libs/font-awesome/6.0.0/css/all.min.css]
[cdnjs.cloudflare.com/ajax/libs/font-awesome/6.0.0/css/all.min.css]
